../Core/user_src/app_menu.c:27:13:saveToProfile	16	static
../Core/user_src/app_menu.c:32:13:loadFromProfile	160	static
../Core/user_src/app_menu.c:41:13:saveToProfile1	8	static
../Core/user_src/app_menu.c:42:13:loadFromProfile1	8	static
../Core/user_src/app_menu.c:44:13:saveToProfile2	8	static
../Core/user_src/app_menu.c:45:13:loadFromProfile2	8	static
../Core/user_src/app_menu.c:47:13:saveToProfile3	8	static
../Core/user_src/app_menu.c:48:13:loadFromProfile3	8	static
../Core/user_src/app_menu.c:50:13:saveToProfile4	8	static
../Core/user_src/app_menu.c:51:13:loadFromProfile4	8	static
../Core/user_src/app_menu.c:53:13:saveToProfile5	8	static
../Core/user_src/app_menu.c:54:13:loadFromProfile5	8	static
../Core/user_src/app_menu.c:56:13:saveToProfile6	8	static
../Core/user_src/app_menu.c:57:13:loadFromProfile6	8	static
../Core/user_src/app_menu.c:61:13:act_test_current	24	static
../Core/user_src/app_menu.c:66:13:act_test_profile	32	static
../Core/user_src/app_menu.c:71:13:act_test_profile1	8	static
../Core/user_src/app_menu.c:72:13:act_test_profile2	8	static
../Core/user_src/app_menu.c:73:13:act_test_profile3	8	static
../Core/user_src/app_menu.c:74:13:act_test_profile4	8	static
../Core/user_src/app_menu.c:75:13:act_test_profile5	8	static
../Core/user_src/app_menu.c:76:13:act_test_profile6	8	static
../Core/user_src/app_menu.c:79:13:act_back	8	static
../Core/user_src/app_menu.c:491:13:app_menu_draw_remote_screen	8	static
../Core/user_src/app_menu.c:497:13:format_test_entry	48	static
../Core/user_src/app_menu.c:510:13:format_test_entry_relay	56	static
../Core/user_src/app_menu.c:524:13:format_test_entry_compact_relay	56	static
../Core/user_src/app_menu.c:538:13:format_test_entry_compact	48	static
../Core/user_src/app_menu.c:551:13:app_menu_draw_test_running	104	static
../Core/user_src/app_menu.c:588:13:app_menu_draw_test_screen	40	static
../Core/user_src/app_menu.c:635:6:app_menu_set_test_screen	16	static
../Core/user_src/app_menu.c:643:19:app_menu_get_test_screen	4	static
../Core/user_src/app_menu.c:650:6:app_menu_init	8	static
../Core/user_src/app_menu.c:657:6:app_menu_task	96	static
../Core/user_src/app_menu.c:743:6:app_menu_on_value_commit	48	static
