../Core/user_src/app_menu.c:20:13:saveToProfile	16	static
../Core/user_src/app_menu.c:25:13:loadFromProfile	16	static
../Core/user_src/app_menu.c:28:13:saveToProfile1	8	static
../Core/user_src/app_menu.c:29:13:loadFromProfile1	8	static
../Core/user_src/app_menu.c:31:13:saveToProfile2	8	static
../Core/user_src/app_menu.c:32:13:loadFromProfile2	8	static
../Core/user_src/app_menu.c:34:13:saveToProfile3	8	static
../Core/user_src/app_menu.c:35:13:loadFromProfile3	8	static
../Core/user_src/app_menu.c:37:13:saveToProfile4	8	static
../Core/user_src/app_menu.c:38:13:loadFromProfile4	8	static
../Core/user_src/app_menu.c:40:13:saveToProfile5	8	static
../Core/user_src/app_menu.c:41:13:loadFromProfile5	8	static
../Core/user_src/app_menu.c:43:13:saveToProfile6	8	static
../Core/user_src/app_menu.c:44:13:loadFromProfile6	8	static
../Core/user_src/app_menu.c:48:13:act_start	24	static
../Core/user_src/app_menu.c:53:13:act_stop_test	24	static
../Core/user_src/app_menu.c:58:13:act_test_ok	24	static
../Core/user_src/app_menu.c:63:13:act_test_err_max	24	static
../Core/user_src/app_menu.c:68:13:act_test_err_zero	24	static
../Core/user_src/app_menu.c:74:13:act_back	8	static
../Core/user_src/app_menu.c:470:13:app_menu_draw_remote_screen	8	static
../Core/user_src/app_menu.c:476:13:app_menu_draw_test_screen	24	static
../Core/user_src/app_menu.c:515:6:app_menu_set_test_screen	16	static
../Core/user_src/app_menu.c:521:19:app_menu_get_test_screen	4	static
../Core/user_src/app_menu.c:528:6:app_menu_init	8	static
../Core/user_src/app_menu.c:535:6:app_menu_task	48	static
../Core/user_src/app_menu.c:572:6:app_menu_on_value_commit	40	static
