../Core/user_src/app_menu.c:28:6:act_back	8	static
../Core/user_src/app_menu.c:34:13:saveToProfile	16	static
../Core/user_src/app_menu.c:40:13:loadFromProfile	160	static
../Core/user_src/app_menu.c:50:13:saveToProfile1	8	static
../Core/user_src/app_menu.c:51:13:loadFromProfile1	8	static
../Core/user_src/app_menu.c:53:13:saveToProfile2	8	static
../Core/user_src/app_menu.c:54:13:loadFromProfile2	8	static
../Core/user_src/app_menu.c:56:13:saveToProfile3	8	static
../Core/user_src/app_menu.c:57:13:loadFromProfile3	8	static
../Core/user_src/app_menu.c:59:13:saveToProfile4	8	static
../Core/user_src/app_menu.c:60:13:loadFromProfile4	8	static
../Core/user_src/app_menu.c:62:13:saveToProfile5	8	static
../Core/user_src/app_menu.c:63:13:loadFromProfile5	8	static
../Core/user_src/app_menu.c:65:13:saveToProfile6	8	static
../Core/user_src/app_menu.c:66:13:loadFromProfile6	8	static
../Core/user_src/app_menu.c:70:6:app_menu_set_test_fail_relay	16	static
../Core/user_src/app_menu.c:73:6:act_test_current	24	static
../Core/user_src/app_menu.c:78:6:act_test_profile	32	static
../Core/user_src/app_menu.c:84:13:act_test_profile1	8	static
../Core/user_src/app_menu.c:85:13:act_test_profile2	8	static
../Core/user_src/app_menu.c:86:13:act_test_profile3	8	static
../Core/user_src/app_menu.c:87:13:act_test_profile4	8	static
../Core/user_src/app_menu.c:88:13:act_test_profile5	8	static
../Core/user_src/app_menu.c:89:13:act_test_profile6	8	static
../Core/user_src/app_menu.c:92:13:reset_params	8	static
../Core/user_src/app_menu.c:690:13:app_menu_draw_remote_screen	8	static
../Core/user_src/app_menu.c:696:13:format_test_entry	48	static
../Core/user_src/app_menu.c:709:13:format_test_entry_relay	56	static
../Core/user_src/app_menu.c:725:13:app_menu_draw_test_running	80	static
../Core/user_src/app_menu.c:762:7:app_menu_draw_test_screen	40	static
../Core/user_src/app_menu.c:825:6:app_menu_set_test_screen	16	static
../Core/user_src/app_menu.c:833:19:app_menu_get_test_screen	4	static
../Core/user_src/app_menu.c:840:6:app_menu_init	8	static
../Core/user_src/app_menu.c:847:6:app_menu_task	104	static
../Core/user_src/app_menu.c:961:6:app_menu_on_value_commit	48	static
