../Core/user_src/app_menu.c:16:13:saveToProfile	16	static
../Core/user_src/app_menu.c:21:13:loadFromProfile	16	static
../Core/user_src/app_menu.c:24:13:saveToProfile1	8	static
../Core/user_src/app_menu.c:25:13:loadFromProfile1	8	static
../Core/user_src/app_menu.c:27:13:saveToProfile2	8	static
../Core/user_src/app_menu.c:28:13:loadFromProfile2	8	static
../Core/user_src/app_menu.c:30:13:saveToProfile3	8	static
../Core/user_src/app_menu.c:31:13:loadFromProfile3	8	static
../Core/user_src/app_menu.c:33:13:saveToProfile4	8	static
../Core/user_src/app_menu.c:34:13:loadFromProfile4	8	static
../Core/user_src/app_menu.c:36:13:saveToProfile5	8	static
../Core/user_src/app_menu.c:37:13:loadFromProfile5	8	static
../Core/user_src/app_menu.c:39:13:saveToProfile6	8	static
../Core/user_src/app_menu.c:40:13:loadFromProfile6	8	static
../Core/user_src/app_menu.c:93:13:act_start	8	static
../Core/user_src/app_menu.c:100:13:act_back	8	static
../Core/user_src/app_menu.c:478:6:app_menu_init	8	static
../Core/user_src/app_menu.c:485:6:app_menu_task	8	static
