../Core/user_src/app_menu.c:18:13:saveToProfile	16	static
../Core/user_src/app_menu.c:23:13:loadFromProfile	16	static
../Core/user_src/app_menu.c:26:13:saveToProfile1	8	static
../Core/user_src/app_menu.c:27:13:loadFromProfile1	8	static
../Core/user_src/app_menu.c:29:13:saveToProfile2	8	static
../Core/user_src/app_menu.c:30:13:loadFromProfile2	8	static
../Core/user_src/app_menu.c:32:13:saveToProfile3	8	static
../Core/user_src/app_menu.c:33:13:loadFromProfile3	8	static
../Core/user_src/app_menu.c:35:13:saveToProfile4	8	static
../Core/user_src/app_menu.c:36:13:loadFromProfile4	8	static
../Core/user_src/app_menu.c:38:13:saveToProfile5	8	static
../Core/user_src/app_menu.c:39:13:loadFromProfile5	8	static
../Core/user_src/app_menu.c:41:13:saveToProfile6	8	static
../Core/user_src/app_menu.c:42:13:loadFromProfile6	8	static
../Core/user_src/app_menu.c:46:13:act_start	8	static
../Core/user_src/app_menu.c:53:13:act_back	8	static
../Core/user_src/app_menu.c:431:6:app_menu_init	8	static
../Core/user_src/app_menu.c:438:6:app_menu_task	8	static
../Core/user_src/app_menu.c:443:6:app_menu_on_value_commit	16	static
