../Core/user_src/app_menu.c:27:13:saveToProfile	16	static
../Core/user_src/app_menu.c:33:13:loadFromProfile	160	static
../Core/user_src/app_menu.c:43:13:saveToProfile1	8	static
../Core/user_src/app_menu.c:44:13:loadFromProfile1	8	static
../Core/user_src/app_menu.c:46:13:saveToProfile2	8	static
../Core/user_src/app_menu.c:47:13:loadFromProfile2	8	static
../Core/user_src/app_menu.c:49:13:saveToProfile3	8	static
../Core/user_src/app_menu.c:50:13:loadFromProfile3	8	static
../Core/user_src/app_menu.c:52:13:saveToProfile4	8	static
../Core/user_src/app_menu.c:53:13:loadFromProfile4	8	static
../Core/user_src/app_menu.c:55:13:saveToProfile5	8	static
../Core/user_src/app_menu.c:56:13:loadFromProfile5	8	static
../Core/user_src/app_menu.c:58:13:saveToProfile6	8	static
../Core/user_src/app_menu.c:59:13:loadFromProfile6	8	static
../Core/user_src/app_menu.c:63:6:app_menu_set_test_fail_relay	16	static
../Core/user_src/app_menu.c:66:6:act_test_current	24	static
../Core/user_src/app_menu.c:71:6:act_test_profile	32	static
../Core/user_src/app_menu.c:77:13:act_test_profile1	8	static
../Core/user_src/app_menu.c:78:13:act_test_profile2	8	static
../Core/user_src/app_menu.c:79:13:act_test_profile3	8	static
../Core/user_src/app_menu.c:80:13:act_test_profile4	8	static
../Core/user_src/app_menu.c:81:13:act_test_profile5	8	static
../Core/user_src/app_menu.c:82:13:act_test_profile6	8	static
../Core/user_src/app_menu.c:85:13:act_back	8	static
../Core/user_src/app_menu.c:89:13:reset_params	8	static
../Core/user_src/app_menu.c:519:13:app_menu_draw_remote_screen	8	static
../Core/user_src/app_menu.c:525:13:format_test_entry	48	static
../Core/user_src/app_menu.c:538:13:format_test_entry_relay	56	static
../Core/user_src/app_menu.c:554:13:app_menu_draw_test_running	80	static
../Core/user_src/app_menu.c:591:7:app_menu_draw_test_screen	40	static
../Core/user_src/app_menu.c:654:6:app_menu_set_test_screen	16	static
../Core/user_src/app_menu.c:662:19:app_menu_get_test_screen	4	static
../Core/user_src/app_menu.c:669:6:app_menu_init	8	static
../Core/user_src/app_menu.c:676:6:app_menu_task	104	static
../Core/user_src/app_menu.c:790:6:app_menu_on_value_commit	48	static
