../Core/user_src/app_menu.c:26:13:saveToProfile	16	static
../Core/user_src/app_menu.c:31:13:loadFromProfile	16	static
../Core/user_src/app_menu.c:34:13:saveToProfile1	8	static
../Core/user_src/app_menu.c:35:13:loadFromProfile1	8	static
../Core/user_src/app_menu.c:37:13:saveToProfile2	8	static
../Core/user_src/app_menu.c:38:13:loadFromProfile2	8	static
../Core/user_src/app_menu.c:40:13:saveToProfile3	8	static
../Core/user_src/app_menu.c:41:13:loadFromProfile3	8	static
../Core/user_src/app_menu.c:43:13:saveToProfile4	8	static
../Core/user_src/app_menu.c:44:13:loadFromProfile4	8	static
../Core/user_src/app_menu.c:46:13:saveToProfile5	8	static
../Core/user_src/app_menu.c:47:13:loadFromProfile5	8	static
../Core/user_src/app_menu.c:49:13:saveToProfile6	8	static
../Core/user_src/app_menu.c:50:13:loadFromProfile6	8	static
../Core/user_src/app_menu.c:54:13:act_test_current	24	static
../Core/user_src/app_menu.c:59:13:act_test_profile	32	static
../Core/user_src/app_menu.c:64:13:act_test_profile1	8	static
../Core/user_src/app_menu.c:65:13:act_test_profile2	8	static
../Core/user_src/app_menu.c:66:13:act_test_profile3	8	static
../Core/user_src/app_menu.c:67:13:act_test_profile4	8	static
../Core/user_src/app_menu.c:68:13:act_test_profile5	8	static
../Core/user_src/app_menu.c:69:13:act_test_profile6	8	static
../Core/user_src/app_menu.c:72:13:act_back	8	static
../Core/user_src/app_menu.c:483:13:app_menu_draw_remote_screen	8	static
../Core/user_src/app_menu.c:489:13:format_test_entry	48	static
../Core/user_src/app_menu.c:502:13:format_test_entry_compact	48	static
../Core/user_src/app_menu.c:515:13:app_menu_draw_test_running	96	static
../Core/user_src/app_menu.c:548:13:app_menu_draw_test_screen	40	static
../Core/user_src/app_menu.c:595:6:app_menu_set_test_screen	16	static
../Core/user_src/app_menu.c:603:19:app_menu_get_test_screen	4	static
../Core/user_src/app_menu.c:610:6:app_menu_init	8	static
../Core/user_src/app_menu.c:617:6:app_menu_task	96	static
../Core/user_src/app_menu.c:703:6:app_menu_on_value_commit	40	static
