../Core/user_src/buzzer.c:17:17:GetTIM5ClockHz	24	static
../Core/user_src/buzzer.c:29:13:pwm_compute	64	static
../Core/user_src/buzzer.c:75:13:pwm_apply	16	static
../Core/user_src/buzzer.c:129:6:Buzzer_Init	8	static
../Core/user_src/buzzer.c:147:6:Buzzer_ToneStart	32	static
../Core/user_src/buzzer.c:167:6:Buzzer_ToneStop	4	static
../Core/user_src/buzzer.c:173:6:Buzzer_BeepNB	16	static
../Core/user_src/buzzer.c:180:6:Buzzer_PlayPattern	24	static
../Core/user_src/buzzer.c:211:6:Buzzer_Process	24	static
../Core/user_src/buzzer.c:271:6:Buzzer_BeepBlocking	16	static
../Core/user_src/buzzer.c:279:6:Buzzer_Test	24	static
../Core/user_src/buzzer.c:302:6:Buzzer_IsActive	4	static
