../Core/user_src/buzzer.c:17:17:GetTIM5ClockHz	24	static
../Core/user_src/buzzer.c:29:13:pwm_compute	64	static
../Core/user_src/buzzer.c:75:13:pwm_apply	16	static
../Core/user_src/buzzer.c:125:6:Buzzer_Init	8	static
../Core/user_src/buzzer.c:143:6:Buzzer_ToneStart	32	static
../Core/user_src/buzzer.c:163:6:Buzzer_ToneStop	4	static
../Core/user_src/buzzer.c:169:6:Buzzer_BeepNB	16	static
../Core/user_src/buzzer.c:176:6:Buzzer_PlayPattern	24	static
../Core/user_src/buzzer.c:207:6:Buzzer_Process	24	static
../Core/user_src/buzzer.c:267:6:Buzzer_BeepBlocking	16	static
../Core/user_src/buzzer.c:275:6:Buzzer_Test	24	static
../Core/user_src/buzzer.c:298:6:Buzzer_IsActive	4	static
