../Core/user_src/display.c:24:13:oled_write_padded_line	48	static
../Core/user_src/display.c:36:6:oled_write_line_full	16	static
../Core/user_src/display.c:41:6:oled_cursor_off	8	static
../Core/user_src/display.c:42:6:oled_cursor_on	8	static
../Core/user_src/display.c:43:6:oled_cursor_blink_on	8	static
../Core/user_src/display.c:46:6:CS_L	8	static
../Core/user_src/display.c:47:6:CS_H	8	static
../Core/user_src/display.c:48:6:RST_L	8	static
../Core/user_src/display.c:49:6:RST_H	8	static
../Core/user_src/display.c:53:6:spi_tx1	16	static
../Core/user_src/display.c:56:6:us2066_expand_and_tx	24	static
../Core/user_src/display.c:66:6:us2066_start_cmd	8	static
../Core/user_src/display.c:67:6:us2066_start_data	8	static
../Core/user_src/display.c:69:6:oled_reset	8	static
../Core/user_src/display.c:75:6:oled_cmd	16	static
../Core/user_src/display.c:81:6:oled_dat	16	static
../Core/user_src/display.c:88:6:oled_init	8	static
../Core/user_src/display.c:124:6:oled_puts	16	static
../Core/user_src/display.c:126:6:oled_clear	8	static
../Core/user_src/display.c:128:6:oled_set_cursor	16	static
../Core/user_src/display.c:134:6:oled_demo	8	static
