../Core/user_src/relay_counter.c:27:17:crc16_ccitt	32	static
../Core/user_src/relay_counter.c:40:17:slot_addr	16	static
../Core/user_src/relay_counter.c:45:26:relay_counter_save	72	static
../Core/user_src/relay_counter.c:64:26:relay_counter_load_internal	72	static
../Core/user_src/relay_counter.c:95:6:relay_counter_init	8	static
../Core/user_src/relay_counter.c:109:6:relay_counter_on_relay_change	24	static
../Core/user_src/relay_counter.c:120:10:relay_counter_get	16	static
../Core/user_src/relay_counter.c:128:6:relay_counter_get_all	24	static
../Core/user_src/relay_counter.c:139:6:relay_counter_reset	8	static
../Core/user_src/relay_counter.c:146:19:relay_counter_save_now	16	static
../Core/user_src/relay_counter.c:151:19:relay_counter_load	8	static
../Core/user_src/relay_counter.c:160:6:relay_counter_periodic_flush	16	static
../Core/user_src/relay_counter.c:170:19:relay_counter_emergency_flush	8	static
