../Core/user_src/relay_health_store.c:25:17:crc16_ccitt	32	static
../Core/user_src/relay_health_store.c:38:17:slot_addr	16	static
../Core/user_src/relay_health_store.c:43:26:relay_health_save	72	static
../Core/user_src/relay_health_store.c:64:26:relay_health_load_internal	80	static
../Core/user_src/relay_health_store.c:97:6:relay_health_init	16	static
../Core/user_src/relay_health_store.c:111:19:relay_health_save_now	16	static
../Core/user_src/relay_health_store.c:116:6:relay_health_request_pending	4	static
../Core/user_src/relay_health_store.c:121:6:relay_health_handle_pending	8	static
../Core/user_src/relay_health_store.c:129:6:relay_health_update_from_test	32	static
