../Core/user_src/test_seq.c:39:17:clamp_delay_ms	16	static
../Core/user_src/test_seq.c:44:17:relay_count_from_k	16	static
../Core/user_src/test_seq.c:52:13:test_seq_reset_remaining	24	static
../Core/user_src/test_seq.c:71:6:test_seq_set_params_current	8	static
../Core/user_src/test_seq.c:80:6:test_seq_set_params_profile	160	static
../Core/user_src/test_seq.c:94:6:test_seq_start	16	static
../Core/user_src/test_seq.c:106:6:test_seq_stop	8	static
../Core/user_src/test_seq.c:112:6:test_seq_tick	48	static
../Core/user_src/test_seq.c:198:10:test_seq_get_relay_remaining	16	static
../Core/user_src/test_seq.c:206:10:test_seq_get_relay_initial	16	static
../Core/user_src/test_seq.c:214:10:test_seq_get_relay_imax	16	static
../Core/user_src/test_seq.c:222:10:test_seq_get_mosfet_remaining	16	static
../Core/user_src/test_seq.c:230:6:test_seq_relay_is_enabled	16	static
../Core/user_src/test_seq.c:238:6:test_seq_mosfet_is_enabled	16	static
../Core/user_src/test_seq.c:246:9:test_seq_get_mosfet_ext_control	16	static
../Core/user_src/test_seq.c:254:9:test_seq_get_trigger_enabled	4	static
../Core/user_src/test_seq.c:259:9:test_seq_get_trigger_channel	4	static
