../Core/user_src/test_seq.c:43:17:clamp_delay_ms	16	static
../Core/user_src/test_seq.c:48:17:relay_count_from_k	16	static
../Core/user_src/test_seq.c:56:13:test_seq_reset_remaining	24	static
../Core/user_src/test_seq.c:75:6:test_seq_set_params_current	8	static
../Core/user_src/test_seq.c:84:6:test_seq_set_params_profile	160	static
../Core/user_src/test_seq.c:98:6:test_seq_start	24	static
../Core/user_src/test_seq.c:124:6:test_seq_stop	16	static
../Core/user_src/test_seq.c:136:13:test_seq_step_relays	40	static
../Core/user_src/test_seq.c:197:13:test_seq_step_mosfets	40	static
../Core/user_src/test_seq.c:262:16:test_seq_all_done	16	static
../Core/user_src/test_seq.c:277:6:test_seq_tick	16	static
../Core/user_src/test_seq.c:297:10:test_seq_get_relay_remaining	16	static
../Core/user_src/test_seq.c:305:10:test_seq_get_relay_initial	16	static
../Core/user_src/test_seq.c:313:10:test_seq_get_relay_imax	16	static
../Core/user_src/test_seq.c:321:10:test_seq_get_relay_ton_ms	16	static
../Core/user_src/test_seq.c:329:10:test_seq_get_mosfet_remaining	16	static
../Core/user_src/test_seq.c:337:6:test_seq_relay_is_enabled	16	static
../Core/user_src/test_seq.c:345:6:test_seq_mosfet_is_enabled	16	static
../Core/user_src/test_seq.c:353:9:test_seq_get_mosfet_ext_control	16	static
../Core/user_src/test_seq.c:361:9:test_seq_get_trigger_enabled	4	static
../Core/user_src/test_seq.c:366:9:test_seq_get_trigger_channel	4	static
