../Core/user_src/test_seq.c:38:17:clamp_delay_ms	16	static
../Core/user_src/test_seq.c:43:17:relay_count_from_k	16	static
../Core/user_src/test_seq.c:51:13:test_seq_reset_remaining	24	static
../Core/user_src/test_seq.c:70:6:test_seq_set_params_current	8	static
../Core/user_src/test_seq.c:79:6:test_seq_set_params_profile	16	static
../Core/user_src/test_seq.c:85:6:test_seq_start	16	static
../Core/user_src/test_seq.c:97:6:test_seq_stop	8	static
../Core/user_src/test_seq.c:103:6:test_seq_tick	48	static
../Core/user_src/test_seq.c:189:10:test_seq_get_relay_remaining	16	static
../Core/user_src/test_seq.c:197:10:test_seq_get_relay_initial	16	static
../Core/user_src/test_seq.c:205:10:test_seq_get_mosfet_remaining	16	static
../Core/user_src/test_seq.c:213:6:test_seq_relay_is_enabled	16	static
../Core/user_src/test_seq.c:221:6:test_seq_mosfet_is_enabled	16	static
