../Core/user_src/test_seq.c:37:17:clamp_delay_ms	16	static
../Core/user_src/test_seq.c:42:17:relay_count_from_k	16	static
../Core/user_src/test_seq.c:50:13:test_seq_reset_remaining	24	static
../Core/user_src/test_seq.c:68:6:test_seq_set_params_current	8	static
../Core/user_src/test_seq.c:77:6:test_seq_set_params_profile	16	static
../Core/user_src/test_seq.c:83:6:test_seq_start	16	static
../Core/user_src/test_seq.c:95:6:test_seq_stop	8	static
../Core/user_src/test_seq.c:101:6:test_seq_tick	48	static
../Core/user_src/test_seq.c:181:10:test_seq_get_relay_remaining	16	static
../Core/user_src/test_seq.c:189:10:test_seq_get_mosfet_remaining	16	static
../Core/user_src/test_seq.c:197:6:test_seq_relay_is_enabled	16	static
../Core/user_src/test_seq.c:205:6:test_seq_mosfet_is_enabled	16	static
